76:EB:07:A5:3B:4A,2026-08-19 14:26:10.834224
E8:E0:7E:34:BB:D4,2026-08-19 14:26:10.975097
BE:28:03:00:20:5C,2026-08-19 14:26:10.978090
F0:AD:4E:40:19:D5,2026-08-19 14:26:10.979024
73:B5:3A:43:DB:A6,2026-08-19 14:26:11.030929
7F:3A:9A:D0:DC:F9,2026-08-19 14:26:11.037721
4D:72:5C:74:75:E8,2026-08-19 14:26:11.199634
9C:13:9E:7A:64:4E,2026-08-19 14:26:11.200588
E2:CB:19:EA:E0:7B,2026-08-19 14:26:11.268584
43:78:B3:0C:93:6C,2026-08-19 14:26:11.342843
F1:D1:F5:5E:21:37,2026-08-19 14:26:11.397632
5F:6C:4C:4A:2C:EA,2026-08-19 14:26:11.493849
4B:DC:AE:67:08:42,2026-08-19 14:26:11.542257
40:9D:F7:6B:3C:2C,2026-08-19 14:26:12.126802
D4:DC:85:7A:A3:22,2026-08-19 14:26:14.147363
CC:10:9D:45:EE:BC,2026-08-19 14:26:14.231927
C3:90:8B:C0:33:70,2026-08-19 14:26:14.751138
65:88:DE:8B:A6:5E,2026-08-19 14:26:15.551200
EF:B9:9B:C0:F6:92,2026-08-19 14:26:15.598735
4F:98:F1:A4:D3:DA,2026-08-19 14:26:26.069871
C1:2B:9D:04:37:13,2026-08-19 14:26:26.810706
A0:85:E3:DE:D2:96,2026-08-19 14:26:27.555663
B4:CB:B8:1B:D4:50,2026-08-19 14:26:28.576540
4F:83:BD:A6:45:13,2026-08-19 14:26:29.641762
F8:4E:58:0B:C3:AF,2026-08-19 14:26:29.949363
48:87:2D:89:79:5D,2026-08-19 14:26:40.777441
E8:92:DF:16:95:C7,2026-08-19 14:26:44.139823
E0:2F:3B:B8:E6:85,2026-08-19 14:26:59.297656
52:56:74:11:7C:57,2026-08-19 14:27:12.584998
D5:19:A2:4D:93:F0,2026-08-19 14:27:14.479077
52:89:41:30:D0:0F,2026-08-19 14:28:40.761735
41:10:E5:04:30:A6,2026-08-19 14:28:42.502843
67:3A:B2:5C:D3:42,2026-08-19 14:30:23.449811
66:04:C8:27:1B:F1,2026-08-19 14:30:23.692400
D6:EF:88:AB:03:0F,2026-08-19 14:30:26.193850
FF:FD:9F:F5:3B:D1,2026-08-19 14:30:27.654174
